

================================================================
== Vivado HLS Report for 'hls_top'
================================================================
* Date:           Tue Jan  2 17:13:55 2024

* Version:        2019.1 (Build 2552052 on Fri May 24 15:28:33 MDT 2019)
* Project:        fuzzHLS_syn
* Solution:       solution
* Product family: zynquplus
* Target device:  xczu19eg-ffvc1760-2-i


================================================================
== Performance Estimates
================================================================
+ Timing (ns): 
    * Summary: 
    +--------+-------+----------+------------+
    |  Clock | Target| Estimated| Uncertainty|
    +--------+-------+----------+------------+
    |ap_clk  |  10.00|     2.943|        1.25|
    +--------+-------+----------+------------+

+ Latency (clock cycles): 
    * Summary: 
    +-----+-----+-----+-----+---------+
    |  Latency  |  Interval | Pipeline|
    | min | max | min | max |   Type  |
    +-----+-----+-----+-----+---------+
    |    ?|    ?|    ?|    ?|   none  |
    +-----+-----+-----+-----+---------+

    + Detail: 
        * Instance: 
        +----------------------------+-----------------+-----+-----+-----+-----+---------+
        |                            |                 |  Latency  |  Interval | Pipeline|
        |          Instance          |      Module     | min | max | min | max |   Type  |
        +----------------------------+-----------------+-----+-----+-----+-----+---------+
        |grp_transparent_crc_fu_165  |transparent_crc  |    8|    8|    8|    8|   none  |
        +----------------------------+-----------------+-----+-----+-----+-----+---------+

        * Loop: 
        +-------------+------+------+----------+-----------+-----------+------+----------+
        |             |   Latency   | Iteration|  Initiation Interval  | Trip |          |
        |  Loop Name  |  min |  max |  Latency |  achieved |   target  | Count| Pipelined|
        +-------------+------+------+----------+-----------+-----------+------+----------+
        |- Loop 1     |  2560|  2560|        10|          -|          -|   256|    no    |
        | + Loop 1.1  |     8|     8|         1|          -|          -|     8|    no    |
        |- Loop 2     |     ?|     ?|         ?|          -|          -|     2|    no    |
        | + Loop 2.1  |     ?|     ?|         2|          -|          -|     ?|    no    |
        |- Loop 3     |    88|    88|        11|          -|          -|     8|    no    |
        +-------------+------+------+----------+-----------+-----------+------+----------+



================================================================
== Utilization Estimates
================================================================
* Summary: 
+-----------------+---------+-------+---------+--------+-----+
|       Name      | BRAM_18K| DSP48E|    FF   |   LUT  | URAM|
+-----------------+---------+-------+---------+--------+-----+
|DSP              |        -|      -|        -|       -|    -|
|Expression       |        -|      -|        0|     373|    -|
|FIFO             |        -|      -|        -|       -|    -|
|Instance         |        -|      -|      226|     478|    -|
|Memory           |        1|      -|       64|       4|    0|
|Multiplexer      |        -|      -|        -|     229|    -|
|Register         |        -|      -|      294|       -|    -|
+-----------------+---------+-------+---------+--------+-----+
|Total            |        1|      0|      584|    1084|    0|
+-----------------+---------+-------+---------+--------+-----+
|Available        |     1968|   1968|  1045440|  522720|  128|
+-----------------+---------+-------+---------+--------+-----+
|Utilization (%)  |    ~0   |      0|    ~0   |   ~0   |    0|
+-----------------+---------+-------+---------+--------+-----+

+ Detail: 
    * Instance: 
    +----------------------------+-----------------+---------+-------+-----+-----+-----+
    |          Instance          |      Module     | BRAM_18K| DSP48E|  FF | LUT | URAM|
    +----------------------------+-----------------+---------+-------+-----+-----+-----+
    |grp_transparent_crc_fu_165  |transparent_crc  |        0|      0|  226|  478|    0|
    +----------------------------+-----------------+---------+-------+-----+-----+-----+
    |Total                       |                 |        0|      0|  226|  478|    0|
    +----------------------------+-----------------+---------+-------+-----+-----+-----+

    * DSP48E: 
    N/A

    * Memory: 
    +-------------+-------------------+---------+----+----+-----+------+-----+------+-------------+
    |    Memory   |       Module      | BRAM_18K| FF | LUT| URAM| Words| Bits| Banks| W*Bits*Banks|
    +-------------+-------------------+---------+----+----+-----+------+-----+------+-------------+
    |crc32_tab_U  |hls_top_crc32_tab  |        1|   0|   0|    0|   256|   32|     1|         8192|
    |g_5_U        |hls_top_g_5        |        0|  64|   4|    0|     8|   32|     1|          256|
    +-------------+-------------------+---------+----+----+-----+------+-----+------+-------------+
    |Total        |                   |        1|  64|   4|    0|   264|   64|     2|         8448|
    +-------------+-------------------+---------+----+----+-----+------+-----+------+-------------+

    * FIFO: 
    N/A

    * Expression: 
    +----------------------+----------+-------+---+----+------------+------------+
    |     Variable Name    | Operation| DSP48E| FF| LUT| Bitwidth P0| Bitwidth P1|
    +----------------------+----------+-------+---+----+------------+------------+
    |add_ln44_fu_364_p2    |     +    |      0|  0|   9|           2|           2|
    |add_ln48_fu_334_p2    |     +    |      0|  0|  39|          32|          32|
    |add_ln49_fu_220_p2    |     +    |      0|  0|  38|           1|          31|
    |add_ln52_fu_349_p2    |     +    |      0|  0|  39|          32|          32|
    |ap_return             |     +    |      0|  0|  39|          32|          32|
    |i_1_fu_196_p2         |     +    |      0|  0|  16|           9|           1|
    |i_fu_376_p2           |     +    |      0|  0|  12|           4|           1|
    |j_fu_285_p2           |     +    |      0|  0|  12|           2|           4|
    |icmp_ln243_fu_370_p2  |   icmp   |      0|  0|  11|           4|           5|
    |icmp_ln49_fu_236_p2   |   icmp   |      0|  0|  20|          30|           1|
    |icmp_ln51_fu_314_p2   |   icmp   |      0|  0|  20|          26|          26|
    |icmp_ln57_fu_190_p2   |   icmp   |      0|  0|  13|           9|          10|
    |icmp_ln59_fu_247_p2   |   icmp   |      0|  0|   9|           4|           1|
    |crc_4_fu_277_p3       |  select  |      0|  0|  32|           1|          32|
    |crc_3_fu_267_p2       |    xor   |      0|  0|  32|          32|          30|
    |xor_ln250_fu_391_p2   |    xor   |      0|  0|  32|          32|           2|
    +----------------------+----------+-------+---+----+------------+------------+
    |Total                 |          |      0|  0| 373|         252|         242|
    +----------------------+----------+-------+---+----+------------+------------+

    * Multiplexer: 
    +----------------------------------+----+-----------+-----+-----------+
    |               Name               | LUT| Input Size| Bits| Total Bits|
    +----------------------------------+----+-----------+-----+-----------+
    |ap_NS_fsm                         |  85|         17|    1|         17|
    |checksum_hercules                 |   9|          2|   32|         64|
    |crc32_tab_address0                |  15|          3|    8|         24|
    |crc32_tab_ce0                     |  15|          3|    1|          3|
    |crc_0_i_reg_132                   |   9|          2|   32|         64|
    |crc_reg_109                       |   9|          2|    9|         18|
    |g_3                               |   9|          2|   32|         64|
    |g_5_address0                      |  15|          3|    3|          9|
    |grp_transparent_crc_fu_165_val_r  |  27|          5|   32|        160|
    |i_0_reg_154                       |   9|          2|    4|          8|
    |j_0_i_reg_121                     |   9|          2|    4|          8|
    |l_18_1_fu_78                      |   9|          2|   13|         26|
    |storemerge_i_reg_142              |   9|          2|    2|          4|
    +----------------------------------+----+-----------+-----+-----------+
    |Total                             | 229|         47|  173|        469|
    +----------------------------------+----+-----------+-----+-----------+

    * Register: 
    +-----------------------------------------+----+----+-----+-----------+
    |                   Name                  | FF | LUT| Bits| Const Bits|
    +-----------------------------------------+----+----+-----+-----------+
    |ap_CS_fsm                                |  16|   0|   16|          0|
    |checksum_hercules                        |  32|   0|   32|          0|
    |crc32_context                            |  32|   0|   32|          0|
    |crc_0_i_reg_132                          |  32|   0|   32|          0|
    |crc_reg_109                              |   9|   0|    9|          0|
    |g_3                                      |  32|   0|   32|          0|
    |g_3_load_reg_464                         |  32|   0|   32|          0|
    |g_5_load_reg_482                         |  32|   0|   32|          0|
    |g_6                                      |  21|   0|   32|         11|
    |grp_transparent_crc_fu_165_ap_start_reg  |   1|   0|    1|          0|
    |i_0_reg_154                              |   4|   0|    4|          0|
    |i_1_reg_411                              |   9|   0|    9|          0|
    |i_reg_472                                |   4|   0|    4|          0|
    |icmp_ln49_reg_428                        |   1|   0|    1|          0|
    |icmp_ln51_reg_448                        |   1|   0|    1|          0|
    |j_0_i_reg_121                            |   4|   0|    4|          0|
    |l_18_1_fu_78                             |  13|   0|   32|         19|
    |l_18_reg_453                             |   1|   0|   32|         31|
    |storemerge_i_reg_142                     |   2|   0|    2|          0|
    |trunc_ln2_reg_423                        |  16|   0|   26|         10|
    +-----------------------------------------+----+----+-----+-----------+
    |Total                                    | 294|   0|  365|         71|
    +-----------------------------------------+----+----+-----+-----------+



================================================================
== Interface
================================================================
* Summary: 
+-----------+-----+-----+------------+--------------+--------------+
| RTL Ports | Dir | Bits|  Protocol  | Source Object|    C Type    |
+-----------+-----+-----+------------+--------------+--------------+
|ap_clk     |  in |    1| ap_ctrl_hs |    hls_top   | return value |
|ap_rst     |  in |    1| ap_ctrl_hs |    hls_top   | return value |
|ap_start   |  in |    1| ap_ctrl_hs |    hls_top   | return value |
|ap_done    | out |    1| ap_ctrl_hs |    hls_top   | return value |
|ap_idle    | out |    1| ap_ctrl_hs |    hls_top   | return value |
|ap_ready   | out |    1| ap_ctrl_hs |    hls_top   | return value |
|ap_return  | out |   32| ap_ctrl_hs |    hls_top   | return value |
+-----------+-----+-----+------------+--------------+--------------+

