

================================================================
== Vivado HLS Report for 'transparent_crc'
================================================================
* Date:           Tue Jan  2 17:13:54 2024

* Version:        2019.1 (Build 2552052 on Fri May 24 15:28:33 MDT 2019)
* Project:        fuzzHLS_syn
* Solution:       solution
* Product family: zynquplus
* Target device:  xczu19eg-ffvc1760-2-i


================================================================
== Performance Estimates
================================================================
+ Timing (ns): 
    * Summary: 
    +--------+-------+----------+------------+
    |  Clock | Target| Estimated| Uncertainty|
    +--------+-------+----------+------------+
    |ap_clk  |  10.00|     2.809|        1.25|
    +--------+-------+----------+------------+

+ Latency (clock cycles): 
    * Summary: 
    +-----+-----+-----+-----+---------+
    |  Latency  |  Interval | Pipeline|
    | min | max | min | max |   Type  |
    +-----+-----+-----+-----+---------+
    |    8|    8|    8|    8|   none  |
    +-----+-----+-----+-----+---------+

    + Detail: 
        * Instance: 
        N/A

        * Loop: 
        N/A



================================================================
== Utilization Estimates
================================================================
* Summary: 
+-----------------+---------+-------+---------+--------+-----+
|       Name      | BRAM_18K| DSP48E|    FF   |   LUT  | URAM|
+-----------------+---------+-------+---------+--------+-----+
|DSP              |        -|      -|        -|       -|    -|
|Expression       |        -|      -|        0|     378|    -|
|FIFO             |        -|      -|        -|       -|    -|
|Instance         |        -|      -|        -|       -|    -|
|Memory           |        -|      -|        -|       -|    -|
|Multiplexer      |        -|      -|        -|     100|    -|
|Register         |        -|      -|      226|       -|    -|
+-----------------+---------+-------+---------+--------+-----+
|Total            |        0|      0|      226|     478|    0|
+-----------------+---------+-------+---------+--------+-----+
|Available        |     1968|   1968|  1045440|  522720|  128|
+-----------------+---------+-------+---------+--------+-----+
|Utilization (%)  |        0|      0|    ~0   |   ~0   |    0|
+-----------------+---------+-------+---------+--------+-----+

+ Detail: 
    * Instance: 
    N/A

    * DSP48E: 
    N/A

    * Memory: 
    N/A

    * FIFO: 
    N/A

    * Expression: 
    +------------------------+----------+-------+---+----+------------+------------+
    |      Variable Name     | Operation| DSP48E| FF| LUT| Bitwidth P0| Bitwidth P1|
    +------------------------+----------+-------+---+----+------------+------------+
    |select_ln103_fu_348_p3  |  select  |      0|  0|   2|           1|           2|
    |xor_ln100_fu_165_p2     |    xor   |      0|  0|   8|           8|           8|
    |xor_ln101_fu_224_p2     |    xor   |      0|  0|   8|           8|           8|
    |xor_ln102_fu_283_p2     |    xor   |      0|  0|   8|           8|           8|
    |xor_ln103_fu_342_p2     |    xor   |      0|  0|   8|           8|           8|
    |xor_ln104_fu_399_p2     |    xor   |      0|  0|   8|           8|           8|
    |xor_ln105_fu_448_p2     |    xor   |      0|  0|   8|           8|           8|
    |xor_ln106_fu_487_p2     |    xor   |      0|  0|   8|           8|           8|
    |xor_ln72_10_fu_405_p2   |    xor   |      0|  0|   8|           8|           8|
    |xor_ln72_11_fu_467_p2   |    xor   |      0|  0|  32|          32|          32|
    |xor_ln72_12_fu_454_p2   |    xor   |      0|  0|   8|           8|           8|
    |xor_ln72_13_fu_516_p2   |    xor   |      0|  0|  32|          32|          32|
    |xor_ln72_14_fu_493_p2   |    xor   |      0|  0|   8|           8|           8|
    |xor_ln72_15_fu_536_p2   |    xor   |      0|  0|  32|          32|          32|
    |xor_ln72_1_fu_194_p2    |    xor   |      0|  0|  32|          32|          32|
    |xor_ln72_2_fu_180_p2    |    xor   |      0|  0|   8|           8|           8|
    |xor_ln72_3_fu_253_p2    |    xor   |      0|  0|  32|          32|          32|
    |xor_ln72_4_fu_239_p2    |    xor   |      0|  0|   8|           8|           8|
    |xor_ln72_5_fu_312_p2    |    xor   |      0|  0|  32|          32|          32|
    |xor_ln72_6_fu_298_p2    |    xor   |      0|  0|   8|           8|           8|
    |xor_ln72_7_fu_369_p2    |    xor   |      0|  0|  32|          32|          32|
    |xor_ln72_8_fu_355_p2    |    xor   |      0|  0|   8|           8|           8|
    |xor_ln72_9_fu_418_p2    |    xor   |      0|  0|  32|          32|          32|
    |xor_ln72_fu_133_p2      |    xor   |      0|  0|   8|           8|           8|
    +------------------------+----------+-------+---+----+------------+------------+
    |Total                   |          |      0|  0| 378|         377|         378|
    +------------------------+----------+-------+---+----+------------+------------+

    * Multiplexer: 
    +--------------------+----+-----------+-----+-----------+
    |        Name        | LUT| Input Size| Bits| Total Bits|
    +--------------------+----+-----------+-----+-----------+
    |ap_NS_fsm           |  47|         10|    1|         10|
    |crc32_context_o     |   9|          2|   32|         64|
    |crc32_tab_address0  |  44|          9|    8|         72|
    +--------------------+----+-----------+-----+-----------+
    |Total               | 100|         21|   41|        146|
    +--------------------+----+-----------+-----+-----------+

    * Register: 
    +----------------------+----+----+-----+-----------+
    |         Name         | FF | LUT| Bits| Const Bits|
    +----------------------+----+----+-----+-----------+
    |ap_CS_fsm             |   9|   0|    9|          0|
    |lshr_ln72_1_reg_580   |  24|   0|   24|          0|
    |lshr_ln72_2_reg_590   |  24|   0|   24|          0|
    |lshr_ln72_3_reg_600   |  24|   0|   24|          0|
    |lshr_ln72_4_reg_617   |  24|   0|   24|          0|
    |lshr_ln72_5_reg_627   |  24|   0|   24|          0|
    |lshr_ln_reg_560       |  24|   0|   24|          0|
    |reg_107               |  32|   0|   32|          0|
    |select_ln103_reg_605  |   8|   0|    8|          0|
    |tmp_reg_570           |   1|   0|    1|          0|
    |xor_ln72_11_reg_637   |  32|   0|   32|          0|
    +----------------------+----+----+-----+-----------+
    |Total                 | 226|   0|  226|          0|
    +----------------------+----+----+-----+-----------+



================================================================
== Interface
================================================================
* Summary: 
+------------------------+-----+-----+------------+-----------------+--------------+
|        RTL Ports       | Dir | Bits|  Protocol  |  Source Object  |    C Type    |
+------------------------+-----+-----+------------+-----------------+--------------+
|ap_clk                  |  in |    1| ap_ctrl_hs | transparent_crc | return value |
|ap_rst                  |  in |    1| ap_ctrl_hs | transparent_crc | return value |
|ap_start                |  in |    1| ap_ctrl_hs | transparent_crc | return value |
|ap_done                 | out |    1| ap_ctrl_hs | transparent_crc | return value |
|ap_idle                 | out |    1| ap_ctrl_hs | transparent_crc | return value |
|ap_ready                | out |    1| ap_ctrl_hs | transparent_crc | return value |
|val_r                   |  in |   32|   ap_none  |      val_r      |    scalar    |
|crc32_context_i         |  in |   32|   ap_ovld  |  crc32_context  |    pointer   |
|crc32_context_o         | out |   32|   ap_ovld  |  crc32_context  |    pointer   |
|crc32_context_o_ap_vld  | out |    1|   ap_ovld  |  crc32_context  |    pointer   |
|crc32_tab_address0      | out |    8|  ap_memory |    crc32_tab    |     array    |
|crc32_tab_ce0           | out |    1|  ap_memory |    crc32_tab    |     array    |
|crc32_tab_q0            |  in |   32|  ap_memory |    crc32_tab    |     array    |
+------------------------+-----+-----+------------+-----------------+--------------+

